I'm sorry, but errors were detected in your script. Please correct the
errors listed below, and try again.


File "game/script.rpy", line 17: expected '=' not found.
    default ToL_mark['накоп'] = random.randint(0, 5)
                    ^

File "game/script.rpy", line 21: expected '=' not found.
    default PfL_mark['накоп'] = random.randint(0, 5)
                    ^

Ren'Py Version: Ren'Py 8.1.3.23091805
Sat Dec 23 09:04:22 2023
